16:00:55 **** Incremental Build of configuration Debug for project LAB_6_PWM ****
make -j8 all 
arm-none-eabi-gcc "../Core/Src/main.c" -mcpu=cortex-m4 -std=gnu11 -g3 -DDEBUG -DUSE_HAL_DRIVER -DSTM32F411xE -c -I../Core/Inc -I../Drivers/STM32F4xx_HAL_Driver/Inc -I../Drivers/STM32F4xx_HAL_Driver/Inc/Legacy -I../Drivers/CMSIS/Device/ST/STM32F4xx/Include -I../Drivers/CMSIS/Include -O0 -ffunction-sections -fdata-sections -Wall -fstack-usage -fcyclomatic-complexity -MMD -MP -MF"Core/Src/main.d" -MT"Core/Src/main.o" --specs=nano.specs -mfpu=fpv4-sp-d16 -mfloat-abi=hard -mthumb -o "Core/Src/main.o"
arm-none-eabi-gcc -o "LAB_6_PWM.elf" @"objects.list"   -mcpu=cortex-m4 -T"C:\work\TMIK13\LAB6_PWM\LAB_6_PWM\STM32F411RETX_FLASH.ld" --specs=nosys.specs -Wl,-Map="LAB_6_PWM.map" -Wl,--gc-sections -static --specs=nano.specs -mfpu=fpv4-sp-d16 -mfloat-abi=hard -mthumb -Wl,--start-group -lc -lm -Wl,--end-group
Finished building target: LAB_6_PWM.elf
 
arm-none-eabi-size   LAB_6_PWM.elf 
arm-none-eabi-objdump -h -S  LAB_6_PWM.elf  > "LAB_6_PWM.list"
   text	   data	    bss	    dec	    hex	filename
  18556	     24	   1736	  20316	   4f5c	LAB_6_PWM.elf
Finished building: default.size.stdout
 
Finished building: LAB_6_PWM.list
 

16:00:56 Build Finished. 0 errors, 0 warnings. (took 1s.357ms)

