12:11:43 **** Incremental Build of configuration Debug for project LCD_Screen ****
make -j8 all 
arm-none-eabi-size   LCD_Screen.elf 
   text	   data	    bss	    dec	    hex	filename
  13948	     24	   1880	  15852	   3dec	LCD_Screen.elf
Finished building: default.size.stdout
 
12:11:47 **** Incremental Build of configuration Debug for project LCD_Screen ****
make -j8 all 
arm-none-eabi-size   LCD_Screen.elf 
   text	   data	    bss	    dec	    hex	filename
  13948	     24	   1880	  15852	   3dec	LCD_Screen.elf
Finished building: default.size.stdout
 
12:13:01 **** Incremental Build of configuration Debug for project LCD_Screen ****
make -j8 all 
arm-none-eabi-gcc "../Core/Src/lcd.c" -mcpu=cortex-m4 -std=gnu11 -g3 -DDEBUG -DUSE_HAL_DRIVER -DSTM32F411xE -c -I../Core/Inc -I../Drivers/STM32F4xx_HAL_Driver/Inc -I../Drivers/STM32F4xx_HAL_Driver/Inc/Legacy -I../Drivers/CMSIS/Device/ST/STM32F4xx/Include -I../Drivers/CMSIS/Include -O0 -ffunction-sections -fdata-sections -Wall -fstack-usage -fcyclomatic-complexity -MMD -MP -MF"Core/Src/lcd.d" -MT"Core/Src/lcd.o" --specs=nano.specs -mfpu=fpv4-sp-d16 -mfloat-abi=hard -mthumb -o "Core/Src/lcd.o"
arm-none-eabi-gcc "../Core/Src/main.c" -mcpu=cortex-m4 -std=gnu11 -g3 -DDEBUG -DUSE_HAL_DRIVER -DSTM32F411xE -c -I../Core/Inc -I../Drivers/STM32F4xx_HAL_Driver/Inc -I../Drivers/STM32F4xx_HAL_Driver/Inc/Legacy -I../Drivers/CMSIS/Device/ST/STM32F4xx/Include -I../Drivers/CMSIS/Include -O0 -ffunction-sections -fdata-sections -Wall -fstack-usage -fcyclomatic-complexity -MMD -MP -MF"Core/Src/main.d" -MT"Core/Src/main.o" --specs=nano.specs -mfpu=fpv4-sp-d16 -mfloat-abi=hard -mthumb -o "Core/Src/main.o"
../Core/Src/main.c: In function 'main':
../Core/Src/main.c:197:3: warning: implicit declaration of function 'TextLCD_SendByte'; did you mean 'TextLCD_Init'? [-Wimplicit-function-declaration]
  197 |   TextLCD_SendByte(&lcd, 0x0F, 0);
      |   ^~~~~~~~~~~~~~~~
      |   TextLCD_Init
../Core/Src/main.c: In function 'wait_for_button_press':
../Core/Src/main.c:150:1: warning: control reaches end of non-void function [-Wreturn-type]
  150 | }
      | ^
arm-none-eabi-gcc -o "LCD_Screen.elf" @"objects.list"   -mcpu=cortex-m4 -T"C:\work\TMIK13\Lab4_LCD_Screen\LCD_Screen\STM32F411RETX_FLASH.ld" --specs=nosys.specs -Wl,-Map="LCD_Screen.map" -Wl,--gc-sections -static --specs=nano.specs -mfpu=fpv4-sp-d16 -mfloat-abi=hard -mthumb -Wl,--start-group -lc -lm -Wl,--end-group
Finished building target: LCD_Screen.elf
 
arm-none-eabi-size   LCD_Screen.elf 
arm-none-eabi-objdump -h -S  LCD_Screen.elf  > "LCD_Screen.list"
   text	   data	    bss	    dec	    hex	filename
  13964	     24	   1880	  15868	   3dfc	LCD_Screen.elf
Finished building: default.size.stdout
 
Finished building: LCD_Screen.list
 
12:13:39 **** Incremental Build of configuration Debug for project LCD_Screen ****
make -j8 all 
arm-none-eabi-size   LCD_Screen.elf 
   text	   data	    bss	    dec	    hex	filename
  13964	     24	   1880	  15868	   3dfc	LCD_Screen.elf
Finished building: default.size.stdout
 
12:14:58 **** Incremental Build of configuration Debug for project LCD_Screen ****
make -j8 all 
arm-none-eabi-gcc "../Core/Src/lcd.c" -mcpu=cortex-m4 -std=gnu11 -g3 -DDEBUG -DUSE_HAL_DRIVER -DSTM32F411xE -c -I../Core/Inc -I../Drivers/STM32F4xx_HAL_Driver/Inc -I../Drivers/STM32F4xx_HAL_Driver/Inc/Legacy -I../Drivers/CMSIS/Device/ST/STM32F4xx/Include -I../Drivers/CMSIS/Include -O0 -ffunction-sections -fdata-sections -Wall -fstack-usage -fcyclomatic-complexity -MMD -MP -MF"Core/Src/lcd.d" -MT"Core/Src/lcd.o" --specs=nano.specs -mfpu=fpv4-sp-d16 -mfloat-abi=hard -mthumb -o "Core/Src/lcd.o"
../Core/Src/lcd.c: In function 'TextLCD_Init':
../Core/Src/lcd.c:121:18: warning: unused variable 'dly' [-Wunused-variable]
  121 |         uint32_t dly = 5 * 1000 * 1000;
      |                  ^~~
arm-none-eabi-gcc -o "LCD_Screen.elf" @"objects.list"   -mcpu=cortex-m4 -T"C:\work\TMIK13\Lab4_LCD_Screen\LCD_Screen\STM32F411RETX_FLASH.ld" --specs=nosys.specs -Wl,-Map="LCD_Screen.map" -Wl,--gc-sections -static --specs=nano.specs -mfpu=fpv4-sp-d16 -mfloat-abi=hard -mthumb -Wl,--start-group -lc -lm -Wl,--end-group
Finished building target: LCD_Screen.elf
 
arm-none-eabi-size   LCD_Screen.elf 
arm-none-eabi-objdump -h -S  LCD_Screen.elf  > "LCD_Screen.list"
   text	   data	    bss	    dec	    hex	filename
  13940	     24	   1880	  15844	   3de4	LCD_Screen.elf
Finished building: default.size.stdout
 
Finished building: LCD_Screen.list
 
12:15:56 **** Incremental Build of configuration Debug for project LCD_Screen ****
make -j8 all 
arm-none-eabi-size   LCD_Screen.elf 
   text	   data	    bss	    dec	    hex	filename
  13940	     24	   1880	  15844	   3de4	LCD_Screen.elf
Finished building: default.size.stdout
 
12:16:14 **** Incremental Build of configuration Debug for project LCD_Screen ****
make -j8 all 
arm-none-eabi-size   LCD_Screen.elf 
   text	   data	    bss	    dec	    hex	filename
  13940	     24	   1880	  15844	   3de4	LCD_Screen.elf
Finished building: default.size.stdout
 
12:17:23 **** Incremental Build of configuration Debug for project LCD_Screen ****
make -j8 all 
arm-none-eabi-gcc "../Core/Src/lcd.c" -mcpu=cortex-m4 -std=gnu11 -g3 -DDEBUG -DUSE_HAL_DRIVER -DSTM32F411xE -c -I../Core/Inc -I../Drivers/STM32F4xx_HAL_Driver/Inc -I../Drivers/STM32F4xx_HAL_Driver/Inc/Legacy -I../Drivers/CMSIS/Device/ST/STM32F4xx/Include -I../Drivers/CMSIS/Include -O0 -ffunction-sections -fdata-sections -Wall -fstack-usage -fcyclomatic-complexity -MMD -MP -MF"Core/Src/lcd.d" -MT"Core/Src/lcd.o" --specs=nano.specs -mfpu=fpv4-sp-d16 -mfloat-abi=hard -mthumb -o "Core/Src/lcd.o"
../Core/Src/lcd.c: In function 'TextLCD_Init':
../Core/Src/lcd.c:121:18: warning: unused variable 'dly' [-Wunused-variable]
  121 |         uint32_t dly = 5 * 1000 * 1000;
      |                  ^~~
arm-none-eabi-gcc -o "LCD_Screen.elf" @"objects.list"   -mcpu=cortex-m4 -T"C:\work\TMIK13\Lab4_LCD_Screen\LCD_Screen\STM32F411RETX_FLASH.ld" --specs=nosys.specs -Wl,-Map="LCD_Screen.map" -Wl,--gc-sections -static --specs=nano.specs -mfpu=fpv4-sp-d16 -mfloat-abi=hard -mthumb -Wl,--start-group -lc -lm -Wl,--end-group
Finished building target: LCD_Screen.elf
 
arm-none-eabi-size   LCD_Screen.elf 
arm-none-eabi-objdump -h -S  LCD_Screen.elf  > "LCD_Screen.list"
   text	   data	    bss	    dec	    hex	filename
  13936	     24	   1880	  15840	   3de0	LCD_Screen.elf
Finished building: default.size.stdout
 
Finished building: LCD_Screen.list
 
12:22:35 **** Incremental Build of configuration Debug for project LCD_Screen ****
make -j8 all 
arm-none-eabi-gcc "../Core/Src/main.c" -mcpu=cortex-m4 -std=gnu11 -g3 -DDEBUG -DUSE_HAL_DRIVER -DSTM32F411xE -c -I../Core/Inc -I../Drivers/STM32F4xx_HAL_Driver/Inc -I../Drivers/STM32F4xx_HAL_Driver/Inc/Legacy -I../Drivers/CMSIS/Device/ST/STM32F4xx/Include -I../Drivers/CMSIS/Include -O0 -ffunction-sections -fdata-sections -Wall -fstack-usage -fcyclomatic-complexity -MMD -MP -MF"Core/Src/main.d" -MT"Core/Src/main.o" --specs=nano.specs -mfpu=fpv4-sp-d16 -mfloat-abi=hard -mthumb -o "Core/Src/main.o"
../Core/Src/main.c: In function 'main':
../Core/Src/main.c:197:3: warning: implicit declaration of function 'TextLCD_SendByte'; did you mean 'TextLCD_Init'? [-Wimplicit-function-declaration]
  197 |   TextLCD_SendByte(&lcd, 0x0F, 0);
      |   ^~~~~~~~~~~~~~~~
      |   TextLCD_Init
../Core/Src/main.c: In function 'wait_for_button_press':
../Core/Src/main.c:150:1: warning: control reaches end of non-void function [-Wreturn-type]
  150 | }
      | ^
arm-none-eabi-gcc -o "LCD_Screen.elf" @"objects.list"   -mcpu=cortex-m4 -T"C:\work\TMIK13\Lab4_LCD_Screen\LCD_Screen\STM32F411RETX_FLASH.ld" --specs=nosys.specs -Wl,-Map="LCD_Screen.map" -Wl,--gc-sections -static --specs=nano.specs -mfpu=fpv4-sp-d16 -mfloat-abi=hard -mthumb -Wl,--start-group -lc -lm -Wl,--end-group
Finished building target: LCD_Screen.elf
 
arm-none-eabi-size   LCD_Screen.elf 
arm-none-eabi-objdump -h -S  LCD_Screen.elf  > "LCD_Screen.list"
   text	   data	    bss	    dec	    hex	filename
  14072	     24	   1880	  15976	   3e68	LCD_Screen.elf
Finished building: default.size.stdout
 
Finished building: LCD_Screen.list
 
12:23:34 **** Incremental Build of configuration Debug for project LCD_Screen ****
make -j8 all 
arm-none-eabi-gcc "../Core/Src/main.c" -mcpu=cortex-m4 -std=gnu11 -g3 -DDEBUG -DUSE_HAL_DRIVER -DSTM32F411xE -c -I../Core/Inc -I../Drivers/STM32F4xx_HAL_Driver/Inc -I../Drivers/STM32F4xx_HAL_Driver/Inc/Legacy -I../Drivers/CMSIS/Device/ST/STM32F4xx/Include -I../Drivers/CMSIS/Include -O0 -ffunction-sections -fdata-sections -Wall -fstack-usage -fcyclomatic-complexity -MMD -MP -MF"Core/Src/main.d" -MT"Core/Src/main.o" --specs=nano.specs -mfpu=fpv4-sp-d16 -mfloat-abi=hard -mthumb -o "Core/Src/main.o"
../Core/Src/main.c: In function 'main':
../Core/Src/main.c:197:3: warning: implicit declaration of function 'TextLCD_SendByte'; did you mean 'TextLCD_Init'? [-Wimplicit-function-declaration]
  197 |   TextLCD_SendByte(&lcd, 0x0F, 0);
      |   ^~~~~~~~~~~~~~~~
      |   TextLCD_Init
../Core/Src/main.c: In function 'wait_for_button_press':
../Core/Src/main.c:150:1: warning: control reaches end of non-void function [-Wreturn-type]
  150 | }
      | ^
arm-none-eabi-gcc -o "LCD_Screen.elf" @"objects.list"   -mcpu=cortex-m4 -T"C:\work\TMIK13\Lab4_LCD_Screen\LCD_Screen\STM32F411RETX_FLASH.ld" --specs=nosys.specs -Wl,-Map="LCD_Screen.map" -Wl,--gc-sections -static --specs=nano.specs -mfpu=fpv4-sp-d16 -mfloat-abi=hard -mthumb -Wl,--start-group -lc -lm -Wl,--end-group
Finished building target: LCD_Screen.elf
 
arm-none-eabi-size   LCD_Screen.elf 
arm-none-eabi-objdump -h -S  LCD_Screen.elf  > "LCD_Screen.list"
   text	   data	    bss	    dec	    hex	filename
  14060	     24	   1880	  15964	   3e5c	LCD_Screen.elf
Finished building: default.size.stdout
 
Finished building: LCD_Screen.list
 
12:30:57 **** Incremental Build of configuration Debug for project LCD_Screen ****
make -j8 all 
arm-none-eabi-gcc "../Core/Src/main.c" -mcpu=cortex-m4 -std=gnu11 -g3 -DDEBUG -DUSE_HAL_DRIVER -DSTM32F411xE -c -I../Core/Inc -I../Drivers/STM32F4xx_HAL_Driver/Inc -I../Drivers/STM32F4xx_HAL_Driver/Inc/Legacy -I../Drivers/CMSIS/Device/ST/STM32F4xx/Include -I../Drivers/CMSIS/Include -O0 -ffunction-sections -fdata-sections -Wall -fstack-usage -fcyclomatic-complexity -MMD -MP -MF"Core/Src/main.d" -MT"Core/Src/main.o" --specs=nano.specs -mfpu=fpv4-sp-d16 -mfloat-abi=hard -mthumb -o "Core/Src/main.o"
../Core/Src/main.c: In function 'main':
../Core/Src/main.c:197:3: warning: implicit declaration of function 'TextLCD_SendByte'; did you mean 'TextLCD_Init'? [-Wimplicit-function-declaration]
  197 |   TextLCD_SendByte(&lcd, 0x0F, 0);
      |   ^~~~~~~~~~~~~~~~
      |   TextLCD_Init
../Core/Src/main.c:203:55: error: 'pcd' undeclared (first use in this function); did you mean 'lcd'?
  203 |           str_len = sprintf(str, "%02d:%02d:%02d \r", pcd->hrs, pcd->min, pcd->sec);
      |                                                       ^~~
      |                                                       lcd
../Core/Src/main.c:203:55: note: each undeclared identifier is reported only once for each function it appears in
../Core/Src/main.c:201:20: warning: variable 'str_len' set but not used [-Wunused-but-set-variable]
  201 |           uint16_t str_len;
      |                    ^~~~~~~
../Core/Src/main.c:196:14: warning: unused variable 'LETTERS_TOTAL' [-Wunused-variable]
  196 |   const char LETTERS_TOTAL = 'Z' - 'A';
      |              ^~~~~~~~~~~~~
../Core/Src/main.c:195:14: warning: unused variable 'ASCII_CAPITAL_OFFSET' [-Wunused-variable]
  195 |   const char ASCII_CAPITAL_OFFSET = 'A';
      |              ^~~~~~~~~~~~~~~~~~~~
../Core/Src/main.c:194:8: warning: unused variable 'c' [-Wunused-variable]
  194 |   char c = 0;
      |        ^
../Core/Src/main.c: In function 'wait_for_button_press':
../Core/Src/main.c:150:1: warning: control reaches end of non-void function [-Wreturn-type]
  150 | }
      | ^
make: *** [Core/Src/subdir.mk:37: Core/Src/main.o] Error 1
"make -j8 all" terminated with exit code 2. Build might be incomplete.
12:34:43 **** Incremental Build of configuration Debug for project LCD_Screen ****
make -j8 all 
arm-none-eabi-gcc "../Core/Src/main.c" -mcpu=cortex-m4 -std=gnu11 -g3 -DDEBUG -DUSE_HAL_DRIVER -DSTM32F411xE -c -I../Core/Inc -I../Drivers/STM32F4xx_HAL_Driver/Inc -I../Drivers/STM32F4xx_HAL_Driver/Inc/Legacy -I../Drivers/CMSIS/Device/ST/STM32F4xx/Include -I../Drivers/CMSIS/Include -O0 -ffunction-sections -fdata-sections -Wall -fstack-usage -fcyclomatic-complexity -MMD -MP -MF"Core/Src/main.d" -MT"Core/Src/main.o" --specs=nano.specs -mfpu=fpv4-sp-d16 -mfloat-abi=hard -mthumb -o "Core/Src/main.o"
../Core/Src/main.c: In function 'convert_time_to_str':
../Core/Src/main.c:155:18: warning: variable 'str_len' set but not used [-Wunused-but-set-variable]
  155 |         uint16_t str_len;
      |                  ^~~~~~~
../Core/Src/main.c: In function 'main':
../Core/Src/main.c:204:3: warning: implicit declaration of function 'TextLCD_SendByte'; did you mean 'TextLCD_Init'? [-Wimplicit-function-declaration]
  204 |   TextLCD_SendByte(&lcd, 0x0F, 0);
      |   ^~~~~~~~~~~~~~~~
      |   TextLCD_Init
../Core/Src/main.c:203:14: warning: unused variable 'LETTERS_TOTAL' [-Wunused-variable]
  203 |   const char LETTERS_TOTAL = 'Z' - 'A';
      |              ^~~~~~~~~~~~~
../Core/Src/main.c:202:14: warning: unused variable 'ASCII_CAPITAL_OFFSET' [-Wunused-variable]
  202 |   const char ASCII_CAPITAL_OFFSET = 'A';
      |              ^~~~~~~~~~~~~~~~~~~~
../Core/Src/main.c:201:8: warning: unused variable 'c' [-Wunused-variable]
  201 |   char c = 0;
      |        ^
../Core/Src/main.c: In function 'wait_for_button_press':
../Core/Src/main.c:151:1: warning: control reaches end of non-void function [-Wreturn-type]
  151 | }
      | ^
arm-none-eabi-gcc -o "LCD_Screen.elf" @"objects.list"   -mcpu=cortex-m4 -T"C:\work\TMIK13\Lab4_LCD_Screen\LCD_Screen\STM32F411RETX_FLASH.ld" --specs=nosys.specs -Wl,-Map="LCD_Screen.map" -Wl,--gc-sections -static --specs=nano.specs -mfpu=fpv4-sp-d16 -mfloat-abi=hard -mthumb -Wl,--start-group -lc -lm -Wl,--end-group
Finished building target: LCD_Screen.elf
 
arm-none-eabi-size   LCD_Screen.elf 
arm-none-eabi-objdump -h -S  LCD_Screen.elf  > "LCD_Screen.list"
   text	   data	    bss	    dec	    hex	filename
  14000	     24	   1928	  15952	   3e50	LCD_Screen.elf
Finished building: default.size.stdout
 
Finished building: LCD_Screen.list
 
12:37:05 **** Incremental Build of configuration Debug for project LCD_Screen ****
make -j8 all 
arm-none-eabi-size   LCD_Screen.elf 
   text	   data	    bss	    dec	    hex	filename
  14000	     24	   1928	  15952	   3e50	LCD_Screen.elf
Finished building: default.size.stdout
 
12:39:48 **** Incremental Build of configuration Debug for project LCD_Screen ****
make -j8 all 
arm-none-eabi-gcc "../Core/Src/main.c" -mcpu=cortex-m4 -std=gnu11 -g3 -DDEBUG -DUSE_HAL_DRIVER -DSTM32F411xE -c -I../Core/Inc -I../Drivers/STM32F4xx_HAL_Driver/Inc -I../Drivers/STM32F4xx_HAL_Driver/Inc/Legacy -I../Drivers/CMSIS/Device/ST/STM32F4xx/Include -I../Drivers/CMSIS/Include -O0 -ffunction-sections -fdata-sections -Wall -fstack-usage -fcyclomatic-complexity -MMD -MP -MF"Core/Src/main.d" -MT"Core/Src/main.o" --specs=nano.specs -mfpu=fpv4-sp-d16 -mfloat-abi=hard -mthumb -o "Core/Src/main.o"
../Core/Src/main.c: In function 'convert_time_to_str':
../Core/Src/main.c:155:18: warning: variable 'str_len' set but not used [-Wunused-but-set-variable]
  155 |         uint16_t str_len;
      |                  ^~~~~~~
../Core/Src/main.c: In function 'main':
../Core/Src/main.c:204:3: warning: implicit declaration of function 'TextLCD_SendByte'; did you mean 'TextLCD_Init'? [-Wimplicit-function-declaration]
  204 |   TextLCD_SendByte(&lcd, 0x0F, 0);
      |   ^~~~~~~~~~~~~~~~
      |   TextLCD_Init
../Core/Src/main.c:203:14: warning: unused variable 'LETTERS_TOTAL' [-Wunused-variable]
  203 |   const char LETTERS_TOTAL = 'Z' - 'A';
      |              ^~~~~~~~~~~~~
../Core/Src/main.c:202:14: warning: unused variable 'ASCII_CAPITAL_OFFSET' [-Wunused-variable]
  202 |   const char ASCII_CAPITAL_OFFSET = 'A';
      |              ^~~~~~~~~~~~~~~~~~~~
../Core/Src/main.c:201:8: warning: unused variable 'c' [-Wunused-variable]
  201 |   char c = 0;
      |        ^
../Core/Src/main.c: In function 'wait_for_button_press':
../Core/Src/main.c:151:1: warning: control reaches end of non-void function [-Wreturn-type]
  151 | }
      | ^
arm-none-eabi-gcc -o "LCD_Screen.elf" @"objects.list"   -mcpu=cortex-m4 -T"C:\work\TMIK13\Lab4_LCD_Screen\LCD_Screen\STM32F411RETX_FLASH.ld" --specs=nosys.specs -Wl,-Map="LCD_Screen.map" -Wl,--gc-sections -static --specs=nano.specs -mfpu=fpv4-sp-d16 -mfloat-abi=hard -mthumb -Wl,--start-group -lc -lm -Wl,--end-group
Finished building target: LCD_Screen.elf
 
arm-none-eabi-size   LCD_Screen.elf 
arm-none-eabi-objdump -h -S  LCD_Screen.elf  > "LCD_Screen.list"
   text	   data	    bss	    dec	    hex	filename
  13864	     24	   1928	  15816	   3dc8	LCD_Screen.elf
Finished building: default.size.stdout
 
Finished building: LCD_Screen.list
 
12:43:58 **** Incremental Build of configuration Debug for project LCD_Screen ****
make -j8 all 
arm-none-eabi-gcc "../Core/Src/main.c" -mcpu=cortex-m4 -std=gnu11 -g3 -DDEBUG -DUSE_HAL_DRIVER -DSTM32F411xE -c -I../Core/Inc -I../Drivers/STM32F4xx_HAL_Driver/Inc -I../Drivers/STM32F4xx_HAL_Driver/Inc/Legacy -I../Drivers/CMSIS/Device/ST/STM32F4xx/Include -I../Drivers/CMSIS/Include -O0 -ffunction-sections -fdata-sections -Wall -fstack-usage -fcyclomatic-complexity -MMD -MP -MF"Core/Src/main.d" -MT"Core/Src/main.o" --specs=nano.specs -mfpu=fpv4-sp-d16 -mfloat-abi=hard -mthumb -o "Core/Src/main.o"
../Core/Src/main.c: In function 'convert_time_to_str':
../Core/Src/main.c:155:18: warning: variable 'str_len' set but not used [-Wunused-but-set-variable]
  155 |         uint16_t str_len;
      |                  ^~~~~~~
../Core/Src/main.c: In function 'main':
../Core/Src/main.c:204:3: warning: implicit declaration of function 'TextLCD_SendByte'; did you mean 'TextLCD_Init'? [-Wimplicit-function-declaration]
  204 |   TextLCD_SendByte(&lcd, 0x0F, 0);
      |   ^~~~~~~~~~~~~~~~
      |   TextLCD_Init
../Core/Src/main.c:208:31: error: expected expression before 'struct'
  208 |           convert_time_to_str(struct clock_data * pcd);
      |                               ^~~~~~
../Core/Src/main.c:203:14: warning: unused variable 'LETTERS_TOTAL' [-Wunused-variable]
  203 |   const char LETTERS_TOTAL = 'Z' - 'A';
      |              ^~~~~~~~~~~~~
../Core/Src/main.c:202:14: warning: unused variable 'ASCII_CAPITAL_OFFSET' [-Wunused-variable]
  202 |   const char ASCII_CAPITAL_OFFSET = 'A';
      |              ^~~~~~~~~~~~~~~~~~~~
../Core/Src/main.c:201:8: warning: unused variable 'c' [-Wunused-variable]
  201 |   char c = 0;
      |        ^
../Core/Src/main.c: In function 'wait_for_button_press':
../Core/Src/main.c:151:1: warning: control reaches end of non-void function [-Wreturn-type]
  151 | }
      | ^
make: *** [Core/Src/subdir.mk:37: Core/Src/main.o] Error 1
"make -j8 all" terminated with exit code 2. Build might be incomplete.
12:44:37 **** Incremental Build of configuration Debug for project LCD_Screen ****
make -j8 all 
arm-none-eabi-gcc "../Core/Src/main.c" -mcpu=cortex-m4 -std=gnu11 -g3 -DDEBUG -DUSE_HAL_DRIVER -DSTM32F411xE -c -I../Core/Inc -I../Drivers/STM32F4xx_HAL_Driver/Inc -I../Drivers/STM32F4xx_HAL_Driver/Inc/Legacy -I../Drivers/CMSIS/Device/ST/STM32F4xx/Include -I../Drivers/CMSIS/Include -O0 -ffunction-sections -fdata-sections -Wall -fstack-usage -fcyclomatic-complexity -MMD -MP -MF"Core/Src/main.d" -MT"Core/Src/main.o" --specs=nano.specs -mfpu=fpv4-sp-d16 -mfloat-abi=hard -mthumb -o "Core/Src/main.o"
../Core/Src/main.c: In function 'convert_time_to_str':
../Core/Src/main.c:155:18: warning: variable 'str_len' set but not used [-Wunused-but-set-variable]
  155 |         uint16_t str_len;
      |                  ^~~~~~~
../Core/Src/main.c: In function 'main':
../Core/Src/main.c:204:3: warning: implicit declaration of function 'TextLCD_SendByte'; did you mean 'TextLCD_Init'? [-Wimplicit-function-declaration]
  204 |   TextLCD_SendByte(&lcd, 0x0F, 0);
      |   ^~~~~~~~~~~~~~~~
      |   TextLCD_Init
../Core/Src/main.c:203:14: warning: unused variable 'LETTERS_TOTAL' [-Wunused-variable]
  203 |   const char LETTERS_TOTAL = 'Z' - 'A';
      |              ^~~~~~~~~~~~~
../Core/Src/main.c:202:14: warning: unused variable 'ASCII_CAPITAL_OFFSET' [-Wunused-variable]
  202 |   const char ASCII_CAPITAL_OFFSET = 'A';
      |              ^~~~~~~~~~~~~~~~~~~~
../Core/Src/main.c:201:8: warning: unused variable 'c' [-Wunused-variable]
  201 |   char c = 0;
      |        ^
../Core/Src/main.c: In function 'wait_for_button_press':
../Core/Src/main.c:151:1: warning: control reaches end of non-void function [-Wreturn-type]
  151 | }
      | ^
arm-none-eabi-gcc -o "LCD_Screen.elf" @"objects.list"   -mcpu=cortex-m4 -T"C:\work\TMIK13\Lab4_LCD_Screen\LCD_Screen\STM32F411RETX_FLASH.ld" --specs=nosys.specs -Wl,-Map="LCD_Screen.map" -Wl,--gc-sections -static --specs=nano.specs -mfpu=fpv4-sp-d16 -mfloat-abi=hard -mthumb -Wl,--start-group -lc -lm -Wl,--end-group
Finished building target: LCD_Screen.elf
 
arm-none-eabi-size   LCD_Screen.elf 
arm-none-eabi-objdump -h -S  LCD_Screen.elf  > "LCD_Screen.list"
   text	   data	    bss	    dec	    hex	filename
  16572	    104	   2256	  18932	   49f4	LCD_Screen.elf
Finished building: default.size.stdout
 
Finished building: LCD_Screen.list
 
12:46:25 **** Incremental Build of configuration Debug for project LCD_Screen ****
make -j8 all 
arm-none-eabi-gcc "../Core/Src/main.c" -mcpu=cortex-m4 -std=gnu11 -g3 -DDEBUG -DUSE_HAL_DRIVER -DSTM32F411xE -c -I../Core/Inc -I../Drivers/STM32F4xx_HAL_Driver/Inc -I../Drivers/STM32F4xx_HAL_Driver/Inc/Legacy -I../Drivers/CMSIS/Device/ST/STM32F4xx/Include -I../Drivers/CMSIS/Include -O0 -ffunction-sections -fdata-sections -Wall -fstack-usage -fcyclomatic-complexity -MMD -MP -MF"Core/Src/main.d" -MT"Core/Src/main.o" --specs=nano.specs -mfpu=fpv4-sp-d16 -mfloat-abi=hard -mthumb -o "Core/Src/main.o"
../Core/Src/main.c: In function 'convert_time_to_str':
../Core/Src/main.c:155:18: warning: variable 'str_len' set but not used [-Wunused-but-set-variable]
  155 |         uint16_t str_len;
      |                  ^~~~~~~
../Core/Src/main.c: In function 'main':
../Core/Src/main.c:204:3: warning: implicit declaration of function 'TextLCD_SendByte'; did you mean 'TextLCD_Init'? [-Wimplicit-function-declaration]
  204 |   TextLCD_SendByte(&lcd, 0x0F, 0);
      |   ^~~~~~~~~~~~~~~~
      |   TextLCD_Init
../Core/Src/main.c:203:14: warning: unused variable 'LETTERS_TOTAL' [-Wunused-variable]
  203 |   const char LETTERS_TOTAL = 'Z' - 'A';
      |              ^~~~~~~~~~~~~
../Core/Src/main.c:202:14: warning: unused variable 'ASCII_CAPITAL_OFFSET' [-Wunused-variable]
  202 |   const char ASCII_CAPITAL_OFFSET = 'A';
      |              ^~~~~~~~~~~~~~~~~~~~
../Core/Src/main.c:201:8: warning: unused variable 'c' [-Wunused-variable]
  201 |   char c = 0;
      |        ^
../Core/Src/main.c: In function 'wait_for_button_press':
../Core/Src/main.c:151:1: warning: control reaches end of non-void function [-Wreturn-type]
  151 | }
      | ^
arm-none-eabi-gcc -o "LCD_Screen.elf" @"objects.list"   -mcpu=cortex-m4 -T"C:\work\TMIK13\Lab4_LCD_Screen\LCD_Screen\STM32F411RETX_FLASH.ld" --specs=nosys.specs -Wl,-Map="LCD_Screen.map" -Wl,--gc-sections -static --specs=nano.specs -mfpu=fpv4-sp-d16 -mfloat-abi=hard -mthumb -Wl,--start-group -lc -lm -Wl,--end-group
Finished building target: LCD_Screen.elf
 
arm-none-eabi-size   LCD_Screen.elf 
arm-none-eabi-objdump -h -S  LCD_Screen.elf  > "LCD_Screen.list"
   text	   data	    bss	    dec	    hex	filename
  16580	    104	   2256	  18940	   49fc	LCD_Screen.elf
Finished building: default.size.stdout
 
Finished building: LCD_Screen.list
 
12:47:55 **** Incremental Build of configuration Debug for project LCD_Screen ****
make -j8 all 
arm-none-eabi-gcc "../Core/Src/main.c" -mcpu=cortex-m4 -std=gnu11 -g3 -DDEBUG -DUSE_HAL_DRIVER -DSTM32F411xE -c -I../Core/Inc -I../Drivers/STM32F4xx_HAL_Driver/Inc -I../Drivers/STM32F4xx_HAL_Driver/Inc/Legacy -I../Drivers/CMSIS/Device/ST/STM32F4xx/Include -I../Drivers/CMSIS/Include -O0 -ffunction-sections -fdata-sections -Wall -fstack-usage -fcyclomatic-complexity -MMD -MP -MF"Core/Src/main.d" -MT"Core/Src/main.o" --specs=nano.specs -mfpu=fpv4-sp-d16 -mfloat-abi=hard -mthumb -o "Core/Src/main.o"
../Core/Src/main.c: In function 'convert_time_to_str':
../Core/Src/main.c:155:18: warning: variable 'str_len' set but not used [-Wunused-but-set-variable]
  155 |         uint16_t str_len;
      |                  ^~~~~~~
../Core/Src/main.c: In function 'main':
../Core/Src/main.c:203:14: warning: unused variable 'LETTERS_TOTAL' [-Wunused-variable]
  203 |   const char LETTERS_TOTAL = 'Z' - 'A';
      |              ^~~~~~~~~~~~~
../Core/Src/main.c:202:14: warning: unused variable 'ASCII_CAPITAL_OFFSET' [-Wunused-variable]
  202 |   const char ASCII_CAPITAL_OFFSET = 'A';
      |              ^~~~~~~~~~~~~~~~~~~~
../Core/Src/main.c:201:8: warning: unused variable 'c' [-Wunused-variable]
  201 |   char c = 0;
      |        ^
../Core/Src/main.c: In function 'wait_for_button_press':
../Core/Src/main.c:151:1: warning: control reaches end of non-void function [-Wreturn-type]
  151 | }
      | ^
arm-none-eabi-gcc -o "LCD_Screen.elf" @"objects.list"   -mcpu=cortex-m4 -T"C:\work\TMIK13\Lab4_LCD_Screen\LCD_Screen\STM32F411RETX_FLASH.ld" --specs=nosys.specs -Wl,-Map="LCD_Screen.map" -Wl,--gc-sections -static --specs=nano.specs -mfpu=fpv4-sp-d16 -mfloat-abi=hard -mthumb -Wl,--start-group -lc -lm -Wl,--end-group
Finished building target: LCD_Screen.elf
 
arm-none-eabi-size   LCD_Screen.elf 
arm-none-eabi-objdump -h -S  LCD_Screen.elf  > "LCD_Screen.list"
   text	   data	    bss	    dec	    hex	filename
  16572	    104	   2256	  18932	   49f4	LCD_Screen.elf
Finished building: default.size.stdout
 
Finished building: LCD_Screen.list
 
12:48:05 **** Incremental Build of configuration Debug for project LCD_Screen ****
make -j8 all 
arm-none-eabi-size   LCD_Screen.elf 
   text	   data	    bss	    dec	    hex	filename
  16572	    104	   2256	  18932	   49f4	LCD_Screen.elf
Finished building: default.size.stdout
 
