16:33:57 **** Incremental Build of configuration Debug for project tarning ****
make -j8 all 
arm-none-eabi-size   tarning.elf 
   text	   data	    bss	    dec	    hex	filename
   8480	     20	   1636	  10136	   2798	tarning.elf
Finished building: default.size.stdout
 
16:34:14 **** Incremental Build of configuration Debug for project tarning ****
make -j8 all 
arm-none-eabi-size   tarning.elf 
   text	   data	    bss	    dec	    hex	filename
   8480	     20	   1636	  10136	   2798	tarning.elf
Finished building: default.size.stdout
 
