13:45:30 **** Incremental Build of configuration Debug for project Klocka_Labb ****
make -j8 all 
arm-none-eabi-gcc "../Core/Src/main.c" -mcpu=cortex-m4 -std=gnu11 -g3 -DDEBUG -DUSE_HAL_DRIVER -DSTM32F411xE -c -I../Core/Inc -I../Drivers/STM32F4xx_HAL_Driver/Inc -I../Drivers/STM32F4xx_HAL_Driver/Inc/Legacy -I../Drivers/CMSIS/Device/ST/STM32F4xx/Include -I../Drivers/CMSIS/Include -O0 -ffunction-sections -fdata-sections -Wall -fstack-usage -fcyclomatic-complexity -MMD -MP -MF"Core/Src/main.d" -MT"Core/Src/main.o" --specs=nano.specs -mfpu=fpv4-sp-d16 -mfloat-abi=hard -mthumb -o "Core/Src/main.o"
arm-none-eabi-gcc -o "Klocka_Labb.elf" @"objects.list"   -mcpu=cortex-m4 -T"C:\work\TMIK13\Lab3_Klocka_Knapp\Klocka_Labb\STM32F411RETX_FLASH.ld" --specs=nosys.specs -Wl,-Map="Klocka_Labb.map" -Wl,--gc-sections -static --specs=nano.specs -mfpu=fpv4-sp-d16 -mfloat-abi=hard -mthumb -Wl,--start-group -lc -lm -Wl,--end-group
Finished building target: Klocka_Labb.elf
 
arm-none-eabi-size   Klocka_Labb.elf 
arm-none-eabi-objdump -h -S  Klocka_Labb.elf  > "Klocka_Labb.list"
   text	   data	    bss	    dec	    hex	filename
  18376	    136	   2064	  20576	   5060	Klocka_Labb.elf
Finished building: default.size.stdout
 
Finished building: Klocka_Labb.list
 

13:45:39 Build Finished. 0 errors, 0 warnings. (took 8s.718ms)

