16:54:06 **** Incremental Build of configuration Debug for project Klocka_Labb ****
make -j8 all 
arm-none-eabi-gcc "../Core/Src/main.c" -mcpu=cortex-m4 -std=gnu11 -g3 -DDEBUG -DUSE_HAL_DRIVER -DSTM32F411xE -c -I../Core/Inc -I../Drivers/STM32F4xx_HAL_Driver/Inc -I../Drivers/STM32F4xx_HAL_Driver/Inc/Legacy -I../Drivers/CMSIS/Device/ST/STM32F4xx/Include -I../Drivers/CMSIS/Include -O0 -ffunction-sections -fdata-sections -Wall -fstack-usage -fcyclomatic-complexity -MMD -MP -MF"Core/Src/main.d" -MT"Core/Src/main.o" --specs=nano.specs -mfpu=fpv4-sp-d16 -mfloat-abi=hard -mthumb -o "Core/Src/main.o"
../Core/Src/main.c:76:1: warning: return type defaults to 'int' [-Wimplicit-int]
   76 | HAL_GPIO_EXTI_Callback(uint16_t GPIO_Pin)
      | ^~~~~~~~~~~~~~~~~~~~~~
../Core/Src/main.c:76:1: warning: conflicting types for 'HAL_GPIO_EXTI_Callback'
In file included from ../Core/Inc/stm32f4xx_hal_conf.h:279,
                 from ../Drivers/STM32F4xx_HAL_Driver/Inc/stm32f4xx_hal.h:29,
                 from ../Core/Inc/main.h:30,
                 from ../Core/Src/main.c:20:
../Drivers/STM32F4xx_HAL_Driver/Inc/stm32f4xx_hal_gpio.h:239:6: note: previous declaration of 'HAL_GPIO_EXTI_Callback' with type 'void(uint16_t)' {aka 'void(short unsigned int)'}
  239 | void HAL_GPIO_EXTI_Callback(uint16_t GPIO_Pin);
      |      ^~~~~~~~~~~~~~~~~~~~~~
arm-none-eabi-gcc -o "Klocka_Labb.elf" @"objects.list"   -mcpu=cortex-m4 -T"C:\work\TMIK13\Lab3_Klocka_Knapp\Klocka_Labb\STM32F411RETX_FLASH.ld" --specs=nosys.specs -Wl,-Map="Klocka_Labb.map" -Wl,--gc-sections -static --specs=nano.specs -mfpu=fpv4-sp-d16 -mfloat-abi=hard -mthumb -Wl,--start-group -lc -lm -Wl,--end-group
Finished building target: Klocka_Labb.elf
 
arm-none-eabi-size   Klocka_Labb.elf 
arm-none-eabi-objdump -h -S  Klocka_Labb.elf  > "Klocka_Labb.list"
   text	   data	    bss	    dec	    hex	filename
  15912	    132	   1980	  18024	   4668	Klocka_Labb.elf
Finished building: default.size.stdout
 
Finished building: Klocka_Labb.list
 

16:54:07 Build Finished. 0 errors, 2 warnings. (took 874ms)

