12:14:56 **** Incremental Build of configuration Debug for project Trafikljus ****
make -j8 all 
arm-none-eabi-gcc "../Core/Src/main.c" -mcpu=cortex-m4 -std=gnu11 -g3 -DDEBUG -DUSE_HAL_DRIVER -DSTM32F411xE -c -I../Core/Inc -I../Drivers/STM32F4xx_HAL_Driver/Inc -I../Drivers/STM32F4xx_HAL_Driver/Inc/Legacy -I../Drivers/CMSIS/Device/ST/STM32F4xx/Include -I../Drivers/CMSIS/Include -O0 -ffunction-sections -fdata-sections -Wall -fstack-usage -fcyclomatic-complexity -MMD -MP -MF"Core/Src/main.d" -MT"Core/Src/main.o" --specs=nano.specs -mfpu=fpv4-sp-d16 -mfloat-abi=hard -mthumb -o "Core/Src/main.o"
arm-none-eabi-gcc -o "Trafikljus.elf" @"objects.list"   -mcpu=cortex-m4 -T"C:\work\TMIK13\Lab2_Trafikljus\Trafikljus\STM32F411RETX_FLASH.ld" --specs=nosys.specs -Wl,-Map="Trafikljus.map" -Wl,--gc-sections -static --specs=nano.specs -mfpu=fpv4-sp-d16 -mfloat-abi=hard -mthumb -Wl,--start-group -lc -lm -Wl,--end-group
Finished building target: Trafikljus.elf
 
arm-none-eabi-size   Trafikljus.elf 
arm-none-eabi-objdump -h -S  Trafikljus.elf  > "Trafikljus.list"
   text	   data	    bss	    dec	    hex	filename
  12364	     24	   1736	  14124	   372c	Trafikljus.elf
Finished building: default.size.stdout
 
Finished building: Trafikljus.list
 
12:15:02 **** Incremental Build of configuration Debug for project Trafikljus ****
make -j8 all 
arm-none-eabi-size   Trafikljus.elf 
   text	   data	    bss	    dec	    hex	filename
  12364	     24	   1736	  14124	   372c	Trafikljus.elf
Finished building: default.size.stdout
 
