13:40:23 **** Incremental Build of configuration Debug for project Lab0_Blinky ****
make -j8 all 
arm-none-eabi-gcc "../Core/Src/main.c" -mcpu=cortex-m4 -std=gnu11 -g3 -DDEBUG -DUSE_HAL_DRIVER -DSTM32F411xE -c -I../Core/Inc -I../Drivers/STM32F4xx_HAL_Driver/Inc -I../Drivers/STM32F4xx_HAL_Driver/Inc/Legacy -I../Drivers/CMSIS/Device/ST/STM32F4xx/Include -I../Drivers/CMSIS/Include -O0 -ffunction-sections -fdata-sections -Wall -fstack-usage -fcyclomatic-complexity -MMD -MP -MF"Core/Src/main.d" -MT"Core/Src/main.o" --specs=nano.specs -mfpu=fpv4-sp-d16 -mfloat-abi=hard -mthumb -o "Core/Src/main.o"
../Core/Src/main.c: In function 'main':
../Core/Src/main.c:104:21: warning: implicit declaration of function 'sprintf' [-Wimplicit-function-declaration]
  104 |           str_len = sprintf(str, "Blinky has succeeded %d times!\r\n", nblink);
      |                     ^~~~~~~
../Core/Src/main.c:21:1: note: include '<stdio.h>' or provide a declaration of 'sprintf'
   20 | #include "main.h"
  +++ |+#include <stdio.h>
   21 | 
../Core/Src/main.c:104:21: warning: incompatible implicit declaration of built-in function 'sprintf' [-Wbuiltin-declaration-mismatch]
  104 |           str_len = sprintf(str, "Blinky has succeeded %d times!\r\n", nblink);
      |                     ^~~~~~~
../Core/Src/main.c:104:21: note: include '<stdio.h>' or provide a declaration of 'sprintf'
arm-none-eabi-gcc -o "Lab0_Blinky.elf" @"objects.list"   -mcpu=cortex-m4 -T"C:\work\TMIK13\Lab0_Blinky\STM32F411RETX_FLASH.ld" --specs=nosys.specs -Wl,-Map="Lab0_Blinky.map" -Wl,--gc-sections -static --specs=nano.specs -mfpu=fpv4-sp-d16 -mfloat-abi=hard -mthumb -Wl,--start-group -lc -lm -Wl,--end-group
Finished building target: Lab0_Blinky.elf
 
arm-none-eabi-size   Lab0_Blinky.elf 
arm-none-eabi-objdump -h -S  Lab0_Blinky.elf  > "Lab0_Blinky.list"
   text	   data	    bss	    dec	    hex	filename
  10984	    100	   1972	  13056	   3300	Lab0_Blinky.elf
Finished building: default.size.stdout
 
Finished building: Lab0_Blinky.list
 
13:40:34 **** Incremental Build of configuration Debug for project Lab0_Blinky ****
make -j8 all 
arm-none-eabi-size   Lab0_Blinky.elf 
   text	   data	    bss	    dec	    hex	filename
  10984	    100	   1972	  13056	   3300	Lab0_Blinky.elf
Finished building: default.size.stdout
 
13:40:50 **** Incremental Build of configuration Debug for project Lab0_Blinky ****
make -j8 all 
arm-none-eabi-size   Lab0_Blinky.elf 
   text	   data	    bss	    dec	    hex	filename
  10984	    100	   1972	  13056	   3300	Lab0_Blinky.elf
Finished building: default.size.stdout
 
